// Jest Snapshot v1, https://goo.gl/fbAQLP

exports[`TEST SCRAPER Should return scraped meta data 1`] = `
Object {
  "description": "Product Hunt is a curation of the best new products, every day. Discover the latest mobile apps, websites, and technology products that everyone's talking about.",
  "ogImage": "https://api.url2png.com/v6/P5329C1FA0ECB6/790272390317dc724643b1ca88f5da6e/png/?url=https%3A%2F%2Fwww.producthunt.com%2F",
  "ogTitle": "Product Hunt – The best new products in tech.",
  "title": "Product Hunt – The best new products in tech.",
}
`;
